
--- EMAIL NOTIFICATION [LOGGED_OUTBOX (SMTP credentials not configured)] ---
To: gvarun@gmail.com
Subject: [ETF Scraper Alert] Failure on 2026-09-27: Target URL unreachable or layout changed
Automated ETF Holdings Scraper Failure Notification
===================================================
Current Date: 2026-09-27 00:42:14 PDT
Target ETF:   MFS Value ETF (MFSV)
Error Type:   Target URL unreachable or layout changed
Details:      Simulated diagnostic check: Target URL returned 503 / layout container missing.

Known Error Categories Monitored:
  1. Target URL unreachable or layout changed
  2. Pop-ups failed to clear
  3. "Download Daily Fund Holdings" link missing or altered
  4. Excel file download failed or file is corrupted


--- EMAIL NOTIFICATION [LOGGED_OUTBOX (SMTP credentials not configured)] ---
To: gvarun@gmail.com
Subject: [ETF Scraper Alert] Failure on 2026-09-27: Pop-ups failed to clear
Automated ETF Holdings Scraper Failure Notification
===================================================
Current Date: 2026-09-27 00:42:14 PDT
Target ETF:   MFS Value ETF (MFSV)
Error Type:   Pop-ups failed to clear
Details:      Simulated diagnostic check: "Individual Investor" / "Save my preferences" modal failed to dismiss.

Known Error Categories Monitored:
  1. Target URL unreachable or layout changed
  2. Pop-ups failed to clear
  3. "Download Daily Fund Holdings" link missing or altered
  4. Excel file download failed or file is corrupted


--- EMAIL NOTIFICATION [LOGGED_OUTBOX (SMTP credentials not configured)] ---
To: gvarun@gmail.com
Subject: [ETF Scraper Alert] Failure on 2026-09-27: "Download Daily Fund Holdings" link missing or altered
Automated ETF Holdings Scraper Failure Notification
===================================================
Current Date: 2026-09-27 00:42:14 PDT
Target ETF:   MFS Value ETF (MFSV)
Error Type:   "Download Daily Fund Holdings" link missing or altered
Details:      Simulated diagnostic check: "Download Daily Fund Holdings" (.js-download-btn) link missing from DOM.

Known Error Categories Monitored:
  1. Target URL unreachable or layout changed
  2. Pop-ups failed to clear
  3. "Download Daily Fund Holdings" link missing or altered
  4. Excel file download failed or file is corrupted


--- EMAIL NOTIFICATION [LOGGED_OUTBOX (SMTP credentials not configured)] ---
To: gvarun@gmail.com
Subject: [ETF Scraper Alert] Failure on 2026-09-27: Excel file download failed or file is corrupted
Automated ETF Holdings Scraper Failure Notification
===================================================
Current Date: 2026-09-27 00:42:14 PDT
Target ETF:   MFS Value ETF (MFSV)
Error Type:   Excel file download failed or file is corrupted
Details:      Simulated diagnostic check: Downloaded .xls file truncated (0 bytes) or corrupted header.

Known Error Categories Monitored:
  1. Target URL unreachable or layout changed
  2. Pop-ups failed to clear
  3. "Download Daily Fund Holdings" link missing or altered
  4. Excel file download failed or file is corrupted


--- EMAIL NOTIFICATION [LOGGED_OUTBOX (SMTP credentials not configured)] ---
To: gvarun@gmail.com
Subject: [ETF Scraper Alert] Failure on 2026-09-27: Target URL unreachable or layout changed
Automated ETF Holdings Scraper Failure Notification
===================================================
Current Date: 2026-09-27 01:01:17 PDT
Target ETF:   MFS Value ETF (MFSV)
Error Type:   Target URL unreachable or layout changed
Details:      [ETF: MFSV] Simulated diagnostic check: Target URL returned 503 / layout container missing.

Known Error Categories Monitored:
  1. Target URL unreachable or layout changed
  2. Pop-ups failed to clear
  3. "Download Daily Fund Holdings" link missing or altered
  4. Excel file download failed or file is corrupted


--- EMAIL NOTIFICATION [LOGGED_OUTBOX (SMTP credentials not configured)] ---
To: gvarun@gmail.com
Subject: [ETF Scraper Alert] Failure on 2026-09-27: Pop-ups failed to clear
Automated ETF Holdings Scraper Failure Notification
===================================================
Current Date: 2026-09-27 01:01:17 PDT
Target ETF:   MFS Value ETF (MFSV)
Error Type:   Pop-ups failed to clear
Details:      [ETF: MFSV] Simulated diagnostic check: "Individual Investor" / "Save my preferences" modal failed to dismiss.

Known Error Categories Monitored:
  1. Target URL unreachable or layout changed
  2. Pop-ups failed to clear
  3. "Download Daily Fund Holdings" link missing or altered
  4. Excel file download failed or file is corrupted


--- EMAIL NOTIFICATION [LOGGED_OUTBOX (SMTP credentials not configured)] ---
To: gvarun@gmail.com
Subject: [ETF Scraper Alert] Failure on 2026-09-27: "Download Daily Fund Holdings" link missing or altered
Automated ETF Holdings Scraper Failure Notification
===================================================
Current Date: 2026-09-27 01:01:17 PDT
Target ETF:   MFS Value ETF (MFSV)
Error Type:   "Download Daily Fund Holdings" link missing or altered
Details:      [ETF: MFSV] Simulated diagnostic check: "Download Daily Fund Holdings" (.js-download-btn) link missing from DOM.

Known Error Categories Monitored:
  1. Target URL unreachable or layout changed
  2. Pop-ups failed to clear
  3. "Download Daily Fund Holdings" link missing or altered
  4. Excel file download failed or file is corrupted


--- EMAIL NOTIFICATION [LOGGED_OUTBOX (SMTP credentials not configured)] ---
To: gvarun@gmail.com
Subject: [ETF Scraper Alert] Failure on 2026-09-27: Excel file download failed or file is corrupted
Automated ETF Holdings Scraper Failure Notification
===================================================
Current Date: 2026-09-27 01:01:17 PDT
Target ETF:   MFS Value ETF (MFSV)
Error Type:   Excel file download failed or file is corrupted
Details:      [ETF: MFSV] Simulated diagnostic check: Downloaded .xls file truncated (0 bytes) or corrupted header.

Known Error Categories Monitored:
  1. Target URL unreachable or layout changed
  2. Pop-ups failed to clear
  3. "Download Daily Fund Holdings" link missing or altered
  4. Excel file download failed or file is corrupted


--- EMAIL NOTIFICATION [SENT_SMTP] ---
To: tejareddi0011@gmail.com
Subject: [ETF Scraper Alert] Failure on 2026-09-27: Target URL unreachable or layout changed
Automated ETF Holdings Scraper Failure Notification
===================================================
Current Date: 2026-09-27 01:14:17 PDT
Target ETF:   MFS Value ETF (MFSV)
Error Type:   Target URL unreachable or layout changed
Details:      Live SMTP verification test: confirming immediate failure email delivery.

Known Error Categories Monitored:
  1. Target URL unreachable or layout changed
  2. Pop-ups failed to clear
  3. "Download Daily Fund Holdings" link missing or altered
  4. Excel file download failed or file is corrupted

